{
  "findings": [
    {
      "rule": "style.resource-naming",
      "message": "Resource name does not follow naming convention",
      "file": "modules/network/main.tf",
      "location": {
        "start": {
          "line": 15,
          "column": 1
        },
        "end": {
          "line": 15,
          "column": 42
        }
      },
      "severity": "error",
      "fixable": false
    },
    {
      "rule": "style.blank-lines",
      "message": "Missing blank line between blocks",
      "file": "modules/network/main.tf",
      "location": {
        "start": {
          "line": 25,
          "column": 1
        },
        "end": {
          "line": 25,
          "column": 1
        }
      },
      "severity": "warning",
      "fixable": true
    },
    {
      "rule": "lint.deprecated-attribute",
      "message": "Attribute 'instance_type' is deprecated, use 'size' instead",
      "file": "modules/compute/instances.tf",
      "location": {
        "start": {
          "line": 8,
          "column": 3
        },
        "end": {
          "line": 8,
          "column": 28
        }
      },
      "severity": "warning",
      "fixable": false
    },
    {
      "rule": "policy.required-tags",
      "message": "Resource is missing required tag: Environment",
      "file": "main.tf",
      "location": {
        "start": {
          "line": 1,
          "column": 1
        },
        "end": {
          "line": 10,
          "column": 2
        }
      },
      "severity": "error",
      "fixable": false
    },
    {
      "rule": "style.description-present",
      "message": "Variable should have a description",
      "file": "variables.tf",
      "location": {
        "start": {
          "line": 5,
          "column": 1
        },
        "end": {
          "line": 7,
          "column": 2
        }
      },
      "severity": "info",
      "fixable": true
    }
  ],
  "summary": {
    "total": 5,
    "errors": 2,
    "warnings": 2,
    "info": 1
  }
}
