✗ modules/network/main.tf: Resource name does not follow naming convention (style.resource-naming)
⚠ modules/network/main.tf: Missing blank line between blocks (style.blank-lines)
⚠ modules/compute/instances.tf: Attribute 'instance_type' is deprecated, use 'size' instead (lint.deprecated-attribute)
✗ main.tf: Resource is missing required tag: Environment (policy.required-tags)
ℹ variables.tf: Variable should have a description (style.description-present)
